// Jest Snapshot v1, https://goo.gl/fbAQLP

exports[`CartItems component should render CartItems component 1`] = `
<body>
  <div>
    <div
      class="cart__items"
    >
      <div
        class="space__spaceContainer_nr3as space__center_nr3as cart__items__item"
      >
        <div
          class="space__spaceItem_nr3as"
          style="margin-right: 16px;"
        >
          <div
            class="space__spaceContainer_nr3as space__center_nr3as"
          >
            <div
              class="space__spaceItem_nr3as"
              style="margin-right: 16px;"
            >
              <div
                class="skeleton__component_1bshy skeleton__animate_1bshy"
              >
                <img
                  alt="test"
                  class=""
                  src="http://qa-games.ru/astore/public/images/15932051.jpeg"
                />
              </div>
            </div>
            <div
              class="space__spaceItem_nr3as"
            >
              <div
                class="space__spaceContainer_nr3as space__vertical_nr3as space__start_nr3as item__description"
              >
                <div
                  class="space__spaceItem_nr3as"
                >
                  <p
                    class="typography__paragraph_c16y5 typography__primary-large_c16y5 typography__bold_c16y5"
                  >
                    Рюкзак «Для умных и свободных»
                  </p>
                </div>
              </div>
            </div>
          </div>
        </div>
        <div
          class="space__spaceItem_nr3as"
        >
          <div
            class="space__spaceContainer_nr3as space__center_nr3as space__spaceContainerFullWidth_nr3as item__counter"
          >
            <div
              class="space__spaceItem_nr3as space__spaceItemFullWidth_nr3as"
              style="margin-right: 0px;"
            >
              <div
                class="space__spaceContainer_nr3as space__center_nr3as space__spaceContainerFullWidth_nr3as item__counter__buttons"
              >
                <div
                  class="space__spaceItem_nr3as space__spaceItemFullWidth_nr3as"
                  style="margin-right: 5px;"
                >
                  <button
                    class="button__component_j4291 button__ghost_j4291 button__s_j4291 button__component_3xn9f button__ghost_3xn9f item__counter__buttons_button icon-button__primary_2t17d icon-button__component_2t17d"
                    data-testid="decrement-count"
                    disabled=""
                    type="button"
                  >
                    <span
                      class="button__text_j4291 button__stretchText_j4291"
                    >
                      <span
                        class="icon-button__iconWrapper_pctl3 icon-button__s_pctl3"
                      >
                        <svg
                          class="icon-button__icon_pctl3"
                          fill="none"
                          height="1em"
                          stroke="currentColor"
                          stroke-width="0"
                          viewBox="0 0 24 24"
                          width="1em"
                          xmlns="http://www.w3.org/2000/svg"
                        >
                          <path
                            d="M15 12H9m12 0a9 9 0 11-18 0 9 9 0 0118 0z"
                            stroke-linecap="round"
                            stroke-linejoin="round"
                            stroke-width="2"
                          />
                        </svg>
                      </span>
                    </span>
                  </button>
                </div>
                <div
                  class="space__spaceItem_nr3as space__spaceItemFullWidth_nr3as"
                  style="margin-right: 5px;"
                >
                  <div
                    class="form-control__component_e23cr form-control__component_1xedm item__counter__buttons__text_count form-control__s_e23cr"
                  >
                    <div
                      class="form-control__inner_e23cr form-control__inner_1xedm form-control__filled_e23cr form-control__filled_1xedm"
                    >
                      <div
                        class="form-control__inputWrapper_e23cr"
                      >
                        <div
                          class="form-control__input_e23cr"
                        >
                          <input
                            class="input__input_96c2k input__input_js93g"
                            data-testid="input-count"
                            placeholder="1"
                            type="text"
                            value="1"
                          />
                        </div>
                      </div>
                    </div>
                  </div>
                </div>
                <div
                  class="space__spaceItem_nr3as space__spaceItemFullWidth_nr3as"
                  style="margin-right: 5px;"
                >
                  <button
                    class="button__component_j4291 button__ghost_j4291 button__s_j4291 button__component_3xn9f button__ghost_3xn9f item__counter__buttons_button icon-button__primary_2t17d icon-button__component_2t17d"
                    data-testid="increment-count"
                    type="button"
                  >
                    <span
                      class="button__text_j4291 button__stretchText_j4291"
                    >
                      <span
                        class="icon-button__iconWrapper_pctl3 icon-button__s_pctl3"
                      >
                        <svg
                          class="icon-button__icon_pctl3"
                          fill="none"
                          height="1em"
                          stroke="currentColor"
                          stroke-width="0"
                          viewBox="0 0 24 24"
                          width="1em"
                          xmlns="http://www.w3.org/2000/svg"
                        >
                          <path
                            d="M12 9v3m0 0v3m0-3h3m-3 0H9m12 0a9 9 0 11-18 0 9 9 0 0118 0z"
                            stroke-linecap="round"
                            stroke-linejoin="round"
                            stroke-width="2"
                          />
                        </svg>
                      </span>
                    </span>
                  </button>
                </div>
                <div
                  class="space__spaceItem_nr3as space__spaceItemFullWidth_nr3as"
                >
                  <p
                    class="typography__paragraph_c16y5 item__text_price typography__primary-medium_c16y5 typography__bold_c16y5"
                  >
                    4999
                     ₽
                  </p>
                </div>
              </div>
            </div>
            <div
              class="space__spaceItem_nr3as space__spaceItemFullWidth_nr3as"
            >
              <button
                class="button__component_j4291 button__ghost_j4291 button__s_j4291 button__component_3xn9f button__ghost_3xn9f item__counter__buttons_cross icon-button__primary_2t17d icon-button__component_2t17d"
                data-testid="delete-item"
                type="button"
              >
                <span
                  class="button__text_j4291 button__stretchText_j4291"
                >
                  <span
                    class="icon-button__iconWrapper_pctl3 icon-button__s_pctl3"
                  >
                    <svg
                      class="icon-button__icon_pctl3"
                      fill="none"
                      height="1em"
                      stroke="currentColor"
                      stroke-width="0"
                      viewBox="0 0 15 15"
                      width="1em"
                      xmlns="http://www.w3.org/2000/svg"
                    >
                      <path
                        clip-rule="evenodd"
                        d="M0.877075 7.49988C0.877075 3.84219 3.84222 0.877045 7.49991 0.877045C11.1576 0.877045 14.1227 3.84219 14.1227 7.49988C14.1227 11.1575 11.1576 14.1227 7.49991 14.1227C3.84222 14.1227 0.877075 11.1575 0.877075 7.49988ZM7.49991 1.82704C4.36689 1.82704 1.82708 4.36686 1.82708 7.49988C1.82708 10.6329 4.36689 13.1727 7.49991 13.1727C10.6329 13.1727 13.1727 10.6329 13.1727 7.49988C13.1727 4.36686 10.6329 1.82704 7.49991 1.82704ZM9.85358 5.14644C10.0488 5.3417 10.0488 5.65829 9.85358 5.85355L8.20713 7.49999L9.85358 9.14644C10.0488 9.3417 10.0488 9.65829 9.85358 9.85355C9.65832 10.0488 9.34173 10.0488 9.14647 9.85355L7.50002 8.2071L5.85358 9.85355C5.65832 10.0488 5.34173 10.0488 5.14647 9.85355C4.95121 9.65829 4.95121 9.3417 5.14647 9.14644L6.79292 7.49999L5.14647 5.85355C4.95121 5.65829 4.95121 5.3417 5.14647 5.14644C5.34173 4.95118 5.65832 4.95118 5.85358 5.14644L7.50002 6.79289L9.14647 5.14644C9.34173 4.95118 9.65832 4.95118 9.85358 5.14644Z"
                        fill="currentColor"
                        fill-rule="evenodd"
                      />
                    </svg>
                  </span>
                </span>
              </button>
            </div>
          </div>
        </div>
      </div>
    </div>
  </div>
</body>
`;
