// Jest Snapshot v1, https://goo.gl/fbAQLP

exports[`Gallery component should render Gallery component with images 1`] = `
<body>
  <div>
    <div
      class="gallery"
    >
      <div
        class="space__spaceContainer_nr3as space__vertical_nr3as space__start_nr3as space__spaceContainerFullWidth_nr3as"
      >
        <div
          class="space__spaceItem_nr3as space__spaceItemFullWidth_nr3as"
          style="margin-bottom: 16px;"
        >
          <div
            class="skeleton__component_1bshy skeleton__animate_1bshy"
          >
            <img
              alt="http://qa-games.ru/astore/public/images/61646585.png"
              class=""
              src="http://qa-games.ru/astore/public/images/61646585.png"
            />
          </div>
        </div>
        <div
          class="space__spaceItem_nr3as space__spaceItemFullWidth_nr3as"
        >
          <div
            class="space__spaceContainer_nr3as space__start_nr3as"
            style="flex-wrap: wrap; margin-bottom: -5px;"
          >
            <div
              class="space__spaceItem_nr3as"
              style="margin-right: 5px; padding-bottom: 5px;"
            >
              <div
                class="gallery_container"
              >
                <div
                  class="space__spaceContainer_nr3as space__start_nr3as gallery__small_pictures"
                >
                  <div
                    class="space__spaceItem_nr3as"
                  >
                    <div
                      class="skeleton__component_1bshy skeleton__animate_1bshy"
                    >
                      <img
                        alt="http://qa-games.ru/astore/public/images/61646585.png"
                        class=""
                        src="http://qa-games.ru/astore/public/images/61646585.png"
                      />
                    </div>
                  </div>
                </div>
              </div>
            </div>
            <div
              class="space__spaceItem_nr3as"
              style="margin-right: 5px; padding-bottom: 5px;"
            >
              <div
                class=""
              >
                <div
                  class="space__spaceContainer_nr3as space__start_nr3as gallery__small_pictures"
                >
                  <div
                    class="space__spaceItem_nr3as"
                  >
                    <div
                      class="skeleton__component_1bshy skeleton__animate_1bshy"
                    >
                      <img
                        alt="http://qa-games.ru/astore/public/images/29918301.png"
                        class=""
                        src="http://qa-games.ru/astore/public/images/29918301.png"
                      />
                    </div>
                  </div>
                </div>
              </div>
            </div>
            <div
              class="space__spaceItem_nr3as"
              style="margin-right: 5px; padding-bottom: 5px;"
            >
              <div
                class=""
              >
                <div
                  class="space__spaceContainer_nr3as space__start_nr3as gallery__small_pictures"
                >
                  <div
                    class="space__spaceItem_nr3as"
                  >
                    <div
                      class="skeleton__component_1bshy skeleton__animate_1bshy"
                    >
                      <img
                        alt="http://qa-games.ru/astore/public/images/23597101.png"
                        class=""
                        src="http://qa-games.ru/astore/public/images/23597101.png"
                      />
                    </div>
                  </div>
                </div>
              </div>
            </div>
            <div
              class="space__spaceItem_nr3as"
              style="margin-right: 5px; padding-bottom: 5px;"
            >
              <div
                class=""
              >
                <div
                  class="space__spaceContainer_nr3as space__start_nr3as gallery__small_pictures"
                >
                  <div
                    class="space__spaceItem_nr3as"
                  >
                    <div
                      class="skeleton__component_1bshy skeleton__animate_1bshy"
                    >
                      <img
                        alt="http://qa-games.ru/astore/public/images/79160052.png"
                        class=""
                        src="http://qa-games.ru/astore/public/images/79160052.png"
                      />
                    </div>
                  </div>
                </div>
              </div>
            </div>
            <div
              class="space__spaceItem_nr3as"
              style="margin-right: 5px; padding-bottom: 5px;"
            >
              <div
                class=""
              >
                <div
                  class="space__spaceContainer_nr3as space__start_nr3as gallery__small_pictures"
                >
                  <div
                    class="space__spaceItem_nr3as"
                  >
                    <div
                      class="skeleton__component_1bshy skeleton__animate_1bshy"
                    >
                      <img
                        alt="http://qa-games.ru/astore/public/images/34570797.png"
                        class=""
                        src="http://qa-games.ru/astore/public/images/34570797.png"
                      />
                    </div>
                  </div>
                </div>
              </div>
            </div>
            <div
              class="space__spaceItem_nr3as"
              style="margin-right: 5px; padding-bottom: 5px;"
            >
              <div
                class=""
              >
                <div
                  class="space__spaceContainer_nr3as space__start_nr3as gallery__small_pictures"
                >
                  <div
                    class="space__spaceItem_nr3as"
                  >
                    <div
                      class="skeleton__component_1bshy skeleton__animate_1bshy"
                    >
                      <img
                        alt="http://qa-games.ru/astore/public/images/95291281.png"
                        class=""
                        src="http://qa-games.ru/astore/public/images/95291281.png"
                      />
                    </div>
                  </div>
                </div>
              </div>
            </div>
            <div
              class="space__spaceItem_nr3as"
              style="margin-right: 5px; padding-bottom: 5px;"
            >
              <div
                class=""
              >
                <div
                  class="space__spaceContainer_nr3as space__start_nr3as gallery__small_pictures"
                >
                  <div
                    class="space__spaceItem_nr3as"
                  >
                    <div
                      class="skeleton__component_1bshy skeleton__animate_1bshy"
                    >
                      <img
                        alt="http://qa-games.ru/astore/public/images/1_3d.png"
                        class=""
                        src="http://qa-games.ru/astore/public/images/1_3d.png"
                      />
                    </div>
                  </div>
                </div>
              </div>
            </div>
            <div
              class="space__spaceItem_nr3as"
              style="margin-right: 5px; padding-bottom: 5px;"
            >
              <div
                class=""
              >
                <div
                  class="space__spaceContainer_nr3as space__start_nr3as gallery__small_pictures"
                >
                  <div
                    class="space__spaceItem_nr3as"
                  >
                    <div
                      class="skeleton__component_1bshy skeleton__animate_1bshy"
                    >
                      <img
                        alt="http://qa-games.ru/astore/public/images/2_3d.png"
                        class=""
                        src="http://qa-games.ru/astore/public/images/2_3d.png"
                      />
                    </div>
                  </div>
                </div>
              </div>
            </div>
            <div
              class="space__spaceItem_nr3as"
              style="margin-right: 5px; padding-bottom: 5px;"
            >
              <div
                class=""
              >
                <div
                  class="space__spaceContainer_nr3as space__start_nr3as gallery__small_pictures"
                >
                  <div
                    class="space__spaceItem_nr3as"
                  >
                    <div
                      class="skeleton__component_1bshy skeleton__animate_1bshy"
                    >
                      <img
                        alt="http://qa-games.ru/astore/public/images/45157942.png"
                        class=""
                        src="http://qa-games.ru/astore/public/images/45157942.png"
                      />
                    </div>
                  </div>
                </div>
              </div>
            </div>
            <div
              class="space__spaceItem_nr3as"
              style="padding-bottom: 5px;"
            >
              <div
                class=""
              >
                <div
                  class="space__spaceContainer_nr3as space__start_nr3as gallery__small_pictures"
                >
                  <div
                    class="space__spaceItem_nr3as"
                  >
                    <div
                      class="skeleton__component_1bshy skeleton__animate_1bshy"
                    >
                      <img
                        alt="http://qa-games.ru/astore/public/images/Frame_117.png"
                        class=""
                        src="http://qa-games.ru/astore/public/images/Frame_117.png"
                      />
                    </div>
                  </div>
                </div>
              </div>
            </div>
          </div>
        </div>
      </div>
    </div>
  </div>
</body>
`;
