// Jest Snapshot v1, https://goo.gl/fbAQLP

exports[`Loading component should render Loading component 1`] = `
<body>
  <div>
    <div
      class="loading"
      data-testid="loading"
    >
      <svg
        class="spinner__spinner_1kljb spinner__component_1xxq0 spinner__m_1kljb spinner__visible_1kljb"
        fill="none"
        viewBox="0 0 48 48"
        xmlns="http://www.w3.org/2000/svg"
      >
        <defs>
          <lineargradient
            id=":r0:_top"
            x1="0.05"
          >
            <stop
              offset="0.1"
              stop-color="currentColor"
              stop-opacity="0"
            />
            <stop
              offset="1"
              stop-color="currentColor"
              stop-opacity="0.3"
            />
          </lineargradient>
          <lineargradient
            id=":r0:_bottom"
            x1="0.05"
          >
            <stop
              offset="0"
              stop-color="currentColor"
              stop-opacity="1"
            />
            <stop
              offset="1"
              stop-color="currentColor"
              stop-opacity="0.3"
            />
          </lineargradient>
        </defs>
        <g
          stroke-width="4"
        >
          <path
            d="M6,24 A18,18 0 0 1 42,24"
            stroke="url(#:r0:_top)"
          />
          <path
            d="M42,24 A18,18 0 0 1 6,24"
            stroke="url(#:r0:_bottom)"
          />
          <path
            d="M6,24 A18,18 0 0 1 6 24"
            stroke="currentColor"
            stroke-linecap="round"
          />
        </g>
      </svg>
    </div>
  </div>
</body>
`;
