// Jest Snapshot v1, https://goo.gl/fbAQLP

exports[`TitleLink component should render TitleLink component 1`] = `
<body>
  <div>
    <a
      href="/"
    >
      <h1
        class="typography__component_19zgr typography__styrene-medium_pxbut typography__medium_pxbut"
      >
        A-Store
      </h1>
    </a>
  </div>
</body>
`;
